<html>
<body>
<pre>
<h1>µVision Build Log</h1>
<h2>Project:</h2>
C:\Users\hp\Desktop\lfr\lfr.uvproj
Project File Date:  08/02/2020

<h2>Output:</h2>
Build target 'Target 1'
compiling lfr.c...
lfr.c(26): warning:  #1-D: last line of file ends without a newline
linking...
Program Size: Code=868 RO-data=16 RW-data=0 ZI-data=1256  
FromELF: creating hex file...
"lfr.axf" - 0 Error(s), 1 Warning(s).
Build target 'Target 1'
compiling lfr.c...
lfr.c(32): warning:  #1-D: last line of file ends without a newline
linking...
Program Size: Code=948 RO-data=16 RW-data=0 ZI-data=1256  
FromELF: creating hex file...
"lfr.axf" - 0 Error(s), 1 Warning(s).
Build target 'Target 1'
compiling lfr.c...
lfr.c(3): error:  #20: identifier "uint16_t" is undefined
lfr.c(5): error:  #20: identifier "uint16_t" is undefined
lfr.c(28): warning:  #1-D: last line of file ends without a newline
Target not created
Build target 'Target 1'
compiling lfr.c...
lfr.c(3): error:  #20: identifier "uint16_t" is undefined
lfr.c(5): error:  #20: identifier "uint16_t" is undefined
lfr.c(29): warning:  #1-D: last line of file ends without a newline
Target not created
Build target 'Target 1'
compiling lfr.c...
lfr.c(29): warning:  #1-D: last line of file ends without a newline
linking...
Program Size: Code=880 RO-data=16 RW-data=0 ZI-data=1256  
FromELF: creating hex file...
"lfr.axf" - 0 Error(s), 1 Warning(s).
Build target 'Target 1'
compiling lfr.c...
lfr.c(29): warning:  #1-D: last line of file ends without a newline
linking...
Program Size: Code=880 RO-data=16 RW-data=0 ZI-data=1256  
FromELF: creating hex file...
"lfr.axf" - 0 Error(s), 1 Warning(s).
Build target 'Target 1'
compiling lfr.c...
lfr.c(29): warning:  #1-D: last line of file ends without a newline
linking...
Program Size: Code=880 RO-data=16 RW-data=0 ZI-data=1256  
FromELF: creating hex file...
"lfr.axf" - 0 Error(s), 1 Warning(s).
Build target 'Target 1'
compiling lfr.c...
lfr.c(29): warning:  #1-D: last line of file ends without a newline
linking...
Program Size: Code=880 RO-data=16 RW-data=0 ZI-data=1256  
FromELF: creating hex file...
"lfr.axf" - 0 Error(s), 1 Warning(s).
Build target 'Target 1'
compiling lfr.c...
lfr.c(24): warning:  #223-D: function "delay" declared implicitly
lfr.c(29): warning:  #1-D: last line of file ends without a newline
linking...
lfr.axf: Error: L6218E: Undefined symbol delay (referred from lfr.o).
Target not created
Build target 'Target 1'
compiling lfr.c...
lfr.c(29): warning:  #1-D: last line of file ends without a newline
linking...
Program Size: Code=892 RO-data=16 RW-data=0 ZI-data=1256  
FromELF: creating hex file...
"lfr.axf" - 0 Error(s), 1 Warning(s).
Build target 'Target 1'
compiling lfr.c...
lfr.c(29): warning:  #1-D: last line of file ends without a newline
linking...
Program Size: Code=892 RO-data=16 RW-data=0 ZI-data=1256  
FromELF: creating hex file...
"lfr.axf" - 0 Error(s), 1 Warning(s).
