<html>
<body>
<pre>
<h1>µVision Build Log</h1>
<h2>Project:</h2>
C:\Users\hp\Desktop\pwm\pwm.uvproj
Project File Date:  08/12/2020

<h2>Output:</h2>
Build target 'Target 1'
assembling Startup.s...
compiling pwm.c...
pwm.c(13): warning:  #951-D: return type of function "main" must be "int"
linking...
Program Size: Code=844 RO-data=16 RW-data=0 ZI-data=1256  
FromELF: creating hex file...
"pwm.axf" - 0 Error(s), 1 Warning(s).
Build target 'Target 1'
compiling pwm.c...
pwm.c(13): warning:  #951-D: return type of function "main" must be "int"
linking...
Program Size: Code=840 RO-data=16 RW-data=0 ZI-data=1256  
FromELF: creating hex file...
"pwm.axf" - 0 Error(s), 1 Warning(s).
Build target 'Target 1'
compiling pwm.c...
pwm.c(13): warning:  #951-D: return type of function "main" must be "int"
linking...
Program Size: Code=844 RO-data=16 RW-data=0 ZI-data=1256  
FromELF: creating hex file...
"pwm.axf" - 0 Error(s), 1 Warning(s).
Build target 'Target 1'
compiling pwm.c...
pwm.c(13): warning:  #951-D: return type of function "main" must be "int"
linking...
Program Size: Code=844 RO-data=16 RW-data=0 ZI-data=1256  
FromELF: creating hex file...
"pwm.axf" - 0 Error(s), 1 Warning(s).
